26-Jul-2025 18:11:19.989 INFO [main] org.apache.catalina.startup.VersionLoggerListener.log Server version name:   Apache Tomcat/9.0.107
26-Jul-2025 18:11:19.993 INFO [main] org.apache.catalina.startup.VersionLoggerListener.log Server built:          Jul 2 2025 07:01:03 UTC
26-Jul-2025 18:11:19.994 INFO [main] org.apache.catalina.startup.VersionLoggerListener.log Server version number: 9.0.107.0
26-Jul-2025 18:11:19.994 INFO [main] org.apache.catalina.startup.VersionLoggerListener.log OS Name:               Windows 10
26-Jul-2025 18:11:19.994 INFO [main] org.apache.catalina.startup.VersionLoggerListener.log OS Version:            10.0
26-Jul-2025 18:11:19.994 INFO [main] org.apache.catalina.startup.VersionLoggerListener.log Architecture:          amd64
26-Jul-2025 18:11:19.994 INFO [main] org.apache.catalina.startup.VersionLoggerListener.log Java Home:             C:\Program Files\Java\jdk-21
26-Jul-2025 18:11:19.995 INFO [main] org.apache.catalina.startup.VersionLoggerListener.log JVM Version:           21.0.3+7-LTS-152
26-Jul-2025 18:11:19.995 INFO [main] org.apache.catalina.startup.VersionLoggerListener.log JVM Vendor:            Oracle Corporation
26-Jul-2025 18:11:19.995 INFO [main] org.apache.catalina.startup.VersionLoggerListener.log CATALINA_BASE:         C:\Users\andre\Desktop\CursoSenac_TDS_Total\CursoSenac_TDS\M2_UC15\apache-tomcat-9.0.107
26-Jul-2025 18:11:19.995 INFO [main] org.apache.catalina.startup.VersionLoggerListener.log CATALINA_HOME:         C:\Users\andre\Desktop\CursoSenac_TDS_Total\CursoSenac_TDS\M2_UC15\apache-tomcat-9.0.107
26-Jul-2025 18:11:20.008 INFO [main] org.apache.catalina.startup.VersionLoggerListener.log Command line argument: --add-opens=java.base/java.lang=ALL-UNNAMED
26-Jul-2025 18:11:20.008 INFO [main] org.apache.catalina.startup.VersionLoggerListener.log Command line argument: --add-opens=java.base/java.lang.invoke=ALL-UNNAMED
26-Jul-2025 18:11:20.008 INFO [main] org.apache.catalina.startup.VersionLoggerListener.log Command line argument: --add-opens=java.base/java.lang.reflect=ALL-UNNAMED
26-Jul-2025 18:11:20.008 INFO [main] org.apache.catalina.startup.VersionLoggerListener.log Command line argument: --add-opens=java.base/java.io=ALL-UNNAMED
26-Jul-2025 18:11:20.008 INFO [main] org.apache.catalina.startup.VersionLoggerListener.log Command line argument: --add-opens=java.base/java.util=ALL-UNNAMED
26-Jul-2025 18:11:20.008 INFO [main] org.apache.catalina.startup.VersionLoggerListener.log Command line argument: --add-opens=java.base/java.util.concurrent=ALL-UNNAMED
26-Jul-2025 18:11:20.009 INFO [main] org.apache.catalina.startup.VersionLoggerListener.log Command line argument: --add-opens=java.rmi/sun.rmi.transport=ALL-UNNAMED
26-Jul-2025 18:11:20.009 INFO [main] org.apache.catalina.startup.VersionLoggerListener.log Command line argument: -Djava.util.logging.config.file=C:\Users\andre\Desktop\CursoSenac_TDS_Total\CursoSenac_TDS\M2_UC15\apache-tomcat-9.0.107\conf\logging.properties
26-Jul-2025 18:11:20.009 INFO [main] org.apache.catalina.startup.VersionLoggerListener.log Command line argument: -Djava.util.logging.manager=org.apache.juli.ClassLoaderLogManager
26-Jul-2025 18:11:20.009 INFO [main] org.apache.catalina.startup.VersionLoggerListener.log Command line argument: -Djdk.tls.ephemeralDHKeySize=2048
26-Jul-2025 18:11:20.009 INFO [main] org.apache.catalina.startup.VersionLoggerListener.log Command line argument: -Djava.protocol.handler.pkgs=org.apache.catalina.webresources
26-Jul-2025 18:11:20.009 INFO [main] org.apache.catalina.startup.VersionLoggerListener.log Command line argument: -Dsun.io.useCanonCaches=false
26-Jul-2025 18:11:20.009 INFO [main] org.apache.catalina.startup.VersionLoggerListener.log Command line argument: -Dignore.endorsed.dirs=
26-Jul-2025 18:11:20.010 INFO [main] org.apache.catalina.startup.VersionLoggerListener.log Command line argument: -Dcatalina.base=C:\Users\andre\Desktop\CursoSenac_TDS_Total\CursoSenac_TDS\M2_UC15\apache-tomcat-9.0.107
26-Jul-2025 18:11:20.010 INFO [main] org.apache.catalina.startup.VersionLoggerListener.log Command line argument: -Dcatalina.home=C:\Users\andre\Desktop\CursoSenac_TDS_Total\CursoSenac_TDS\M2_UC15\apache-tomcat-9.0.107
26-Jul-2025 18:11:20.076 INFO [main] org.apache.catalina.startup.VersionLoggerListener.log Command line argument: -Djava.io.tmpdir=C:\Users\andre\Desktop\CursoSenac_TDS_Total\CursoSenac_TDS\M2_UC15\apache-tomcat-9.0.107\temp
26-Jul-2025 18:11:20.087 INFO [main] org.apache.catalina.core.AprLifecycleListener.lifecycleEvent Loaded Apache Tomcat Native library [1.3.1] using APR version [1.7.4].
26-Jul-2025 18:11:20.088 INFO [main] org.apache.catalina.core.AprLifecycleListener.lifecycleEvent APR capabilities: IPv6 [true], sendfile [true], accept filters [false], random [true], UDS [true].
26-Jul-2025 18:11:20.088 INFO [main] org.apache.catalina.core.AprLifecycleListener.lifecycleEvent APR/OpenSSL configuration: useAprConnector [false], useOpenSSL [true]
26-Jul-2025 18:11:20.103 INFO [main] org.apache.catalina.core.AprLifecycleListener.initializeSSL OpenSSL successfully initialized [OpenSSL 3.0.14 4 Jun 2024]
26-Jul-2025 18:11:20.999 INFO [main] org.apache.coyote.AbstractProtocol.init Initializing ProtocolHandler ["http-nio-8080"]
26-Jul-2025 18:11:21.095 INFO [main] org.apache.catalina.startup.Catalina.load Server initialization in [1484] milliseconds
26-Jul-2025 18:11:21.208 INFO [main] org.apache.catalina.core.StandardService.startInternal Starting service [Catalina]
26-Jul-2025 18:11:21.209 INFO [main] org.apache.catalina.core.StandardEngine.startInternal Starting Servlet engine: [Apache Tomcat/9.0.107]
26-Jul-2025 18:11:21.235 INFO [main] org.apache.catalina.startup.HostConfig.deployDirectory Diretório de instalação da aplicação web [C:\Users\andre\Desktop\CursoSenac_TDS_Total\CursoSenac_TDS\M2_UC15\apache-tomcat-9.0.107\webapps\docs]
26-Jul-2025 18:11:21.967 INFO [main] org.apache.catalina.startup.HostConfig.deployDirectory Deployment of web application directory [C:\Users\andre\Desktop\CursoSenac_TDS_Total\CursoSenac_TDS\M2_UC15\apache-tomcat-9.0.107\webapps\docs] has finished in [728] ms
26-Jul-2025 18:11:21.967 INFO [main] org.apache.catalina.startup.HostConfig.deployDirectory Diretório de instalação da aplicação web [C:\Users\andre\Desktop\CursoSenac_TDS_Total\CursoSenac_TDS\M2_UC15\apache-tomcat-9.0.107\webapps\examples]
26-Jul-2025 18:11:23.080 INFO [main] org.apache.catalina.startup.HostConfig.deployDirectory Deployment of web application directory [C:\Users\andre\Desktop\CursoSenac_TDS_Total\CursoSenac_TDS\M2_UC15\apache-tomcat-9.0.107\webapps\examples] has finished in [1.113] ms
26-Jul-2025 18:11:23.081 INFO [main] org.apache.catalina.startup.HostConfig.deployDirectory Diretório de instalação da aplicação web [C:\Users\andre\Desktop\CursoSenac_TDS_Total\CursoSenac_TDS\M2_UC15\apache-tomcat-9.0.107\webapps\host-manager]
26-Jul-2025 18:11:23.235 INFO [main] org.apache.catalina.startup.HostConfig.deployDirectory Deployment of web application directory [C:\Users\andre\Desktop\CursoSenac_TDS_Total\CursoSenac_TDS\M2_UC15\apache-tomcat-9.0.107\webapps\host-manager] has finished in [154] ms
26-Jul-2025 18:11:23.235 INFO [main] org.apache.catalina.startup.HostConfig.deployDirectory Diretório de instalação da aplicação web [C:\Users\andre\Desktop\CursoSenac_TDS_Total\CursoSenac_TDS\M2_UC15\apache-tomcat-9.0.107\webapps\manager]
26-Jul-2025 18:11:23.417 INFO [main] org.apache.catalina.startup.HostConfig.deployDirectory Deployment of web application directory [C:\Users\andre\Desktop\CursoSenac_TDS_Total\CursoSenac_TDS\M2_UC15\apache-tomcat-9.0.107\webapps\manager] has finished in [182] ms
26-Jul-2025 18:11:23.418 INFO [main] org.apache.catalina.startup.HostConfig.deployDirectory Diretório de instalação da aplicação web [C:\Users\andre\Desktop\CursoSenac_TDS_Total\CursoSenac_TDS\M2_UC15\apache-tomcat-9.0.107\webapps\ROOT]
26-Jul-2025 18:11:23.518 INFO [main] org.apache.catalina.startup.HostConfig.deployDirectory Deployment of web application directory [C:\Users\andre\Desktop\CursoSenac_TDS_Total\CursoSenac_TDS\M2_UC15\apache-tomcat-9.0.107\webapps\ROOT] has finished in [98] ms
26-Jul-2025 18:11:23.533 INFO [main] org.apache.coyote.AbstractProtocol.start Starting ProtocolHandler ["http-nio-8080"]
26-Jul-2025 18:11:23.593 INFO [main] org.apache.catalina.startup.Catalina.start Server startup in [2494] milliseconds
26-Jul-2025 18:11:43.174 INFO [http-nio-8080-exec-9] org.apache.catalina.startup.HostConfig.deployDescriptor Deploying deployment descriptor [C:\Users\andre\Desktop\CursoSenac_TDS_Total\CursoSenac_TDS\M2_UC15\apache-tomcat-9.0.107\conf\Catalina\localhost\WhatsApp_Industrial.xml]
26-Jul-2025 18:11:43.189 WARNING [http-nio-8080-exec-9] org.apache.catalina.startup.HostConfig.deployDescriptor The path attribute with value [/WhatsApp_Industrial] in deployment descriptor [C:\Users\andre\Desktop\CursoSenac_TDS_Total\CursoSenac_TDS\M2_UC15\apache-tomcat-9.0.107\conf\Catalina\localhost\WhatsApp_Industrial.xml] has been ignored
26-Jul-2025 18:11:43.302 INFO [http-nio-8080-exec-9] org.apache.catalina.startup.HostConfig.deployDescriptor Deployment of deployment descriptor [C:\Users\andre\Desktop\CursoSenac_TDS_Total\CursoSenac_TDS\M2_UC15\apache-tomcat-9.0.107\conf\Catalina\localhost\WhatsApp_Industrial.xml] has finished in [128] ms
26-Jul-2025 18:11:43.308 INFO [http-nio-8080-exec-10] org.apache.catalina.util.LifecycleBase.start The start() method was called on component [StandardEngine[Catalina].StandardHost[localhost].StandardContext[/WhatsApp_Industrial]] after start() had already been called. The second call will be ignored.
26-Jul-2025 18:15:19.942 INFO [http-nio-8080-exec-9] org.apache.catalina.core.StandardContext.reload Reloading Context with name [/WhatsApp_Industrial] has started
26-Jul-2025 18:15:22.018 INFO [http-nio-8080-exec-9] org.apache.jasper.servlet.TldScanner.scanJars At least one JAR was scanned for TLDs yet contained no TLDs. Enable debug logging for this logger for a complete list of JARs that were scanned but no TLDs were found in them. Skipping unneeded JARs during scanning can improve startup time and JSP compilation time.
26-Jul-2025 18:15:22.029 INFO [http-nio-8080-exec-9] org.apache.catalina.core.StandardContext.reload Reloading Context with name [/WhatsApp_Industrial] is completed
26-Jul-2025 19:30:01.202 INFO [http-nio-8080-exec-12] org.apache.catalina.core.StandardContext.reload Reloading Context with name [/WhatsApp_Industrial] has started
26-Jul-2025 19:30:01.662 INFO [http-nio-8080-exec-12] org.apache.jasper.servlet.TldScanner.scanJars At least one JAR was scanned for TLDs yet contained no TLDs. Enable debug logging for this logger for a complete list of JARs that were scanned but no TLDs were found in them. Skipping unneeded JARs during scanning can improve startup time and JSP compilation time.
26-Jul-2025 19:30:01.666 INFO [http-nio-8080-exec-12] org.apache.catalina.core.StandardContext.reload Reloading Context with name [/WhatsApp_Industrial] is completed
26-Jul-2025 19:30:56.285 INFO [main] org.apache.catalina.core.StandardServer.await A valid shutdown command was received via the shutdown port. Stopping the Server instance.
26-Jul-2025 19:30:56.286 INFO [main] org.apache.coyote.AbstractProtocol.pause Pausing ProtocolHandler ["http-nio-8080"]
26-Jul-2025 19:30:56.304 INFO [main] org.apache.catalina.core.StandardService.stopInternal Stopping service [Catalina]
26-Jul-2025 19:30:56.396 INFO [main] org.apache.coyote.AbstractProtocol.stop Stopping ProtocolHandler ["http-nio-8080"]
26-Jul-2025 19:30:56.407 INFO [main] org.apache.coyote.AbstractProtocol.destroy Destroying ProtocolHandler ["http-nio-8080"]
